// Jest Snapshot v1, https://goo.gl/fbAQLP

exports[`TodoItem component render is correct 1`] = `
Object {
  "asFragment": [Function],
  "baseElement": <body>
    <div>
      <div
        class="todo"
      >
        <form>
          <input
            name="todo"
            placeholder="add a todo item"
            type="text"
            value=""
          />
        </form>
        <div
          class="todo-list"
        >
          List is empty...
          <div
            class="footer"
          >
            <div
              class="items-left"
            >
              0
               items left
            </div>
            <button
              class="getTodo"
            >
              newTodo
            </button>
            <select
              name="select"
            >
              <option
                value="All"
              >
                All
              </option>
              <option
                value="Completed"
              >
                Completed
              </option>
              <option
                value="Not_Completed"
              >
                Not Completed
              </option>
            </select>
            <button
              type="button"
            >
              clear list
            </button>
          </div>
        </div>
      </div>
    </div>
  </body>,
  "container": <div>
    <div
      class="todo"
    >
      <form>
        <input
          name="todo"
          placeholder="add a todo item"
          type="text"
          value=""
        />
      </form>
      <div
        class="todo-list"
      >
        List is empty...
        <div
          class="footer"
        >
          <div
            class="items-left"
          >
            0
             items left
          </div>
          <button
            class="getTodo"
          >
            newTodo
          </button>
          <select
            name="select"
          >
            <option
              value="All"
            >
              All
            </option>
            <option
              value="Completed"
            >
              Completed
            </option>
            <option
              value="Not_Completed"
            >
              Not Completed
            </option>
          </select>
          <button
            type="button"
          >
            clear list
          </button>
        </div>
      </div>
    </div>
  </div>,
  "debug": [Function],
  "findAllByAltText": [Function],
  "findAllByDisplayValue": [Function],
  "findAllByLabelText": [Function],
  "findAllByPlaceholderText": [Function],
  "findAllByRole": [Function],
  "findAllByTestId": [Function],
  "findAllByText": [Function],
  "findAllByTitle": [Function],
  "findByAltText": [Function],
  "findByDisplayValue": [Function],
  "findByLabelText": [Function],
  "findByPlaceholderText": [Function],
  "findByRole": [Function],
  "findByTestId": [Function],
  "findByText": [Function],
  "findByTitle": [Function],
  "getAllByAltText": [Function],
  "getAllByDisplayValue": [Function],
  "getAllByLabelText": [Function],
  "getAllByPlaceholderText": [Function],
  "getAllByRole": [Function],
  "getAllByTestId": [Function],
  "getAllByText": [Function],
  "getAllByTitle": [Function],
  "getByAltText": [Function],
  "getByDisplayValue": [Function],
  "getByLabelText": [Function],
  "getByPlaceholderText": [Function],
  "getByRole": [Function],
  "getByTestId": [Function],
  "getByText": [Function],
  "getByTitle": [Function],
  "queryAllByAltText": [Function],
  "queryAllByDisplayValue": [Function],
  "queryAllByLabelText": [Function],
  "queryAllByPlaceholderText": [Function],
  "queryAllByRole": [Function],
  "queryAllByTestId": [Function],
  "queryAllByText": [Function],
  "queryAllByTitle": [Function],
  "queryByAltText": [Function],
  "queryByDisplayValue": [Function],
  "queryByLabelText": [Function],
  "queryByPlaceholderText": [Function],
  "queryByRole": [Function],
  "queryByTestId": [Function],
  "queryByText": [Function],
  "queryByTitle": [Function],
  "rerender": [Function],
  "unmount": [Function],
}
`;
